4
1
0 0
27 24
- - - - - - - - - - - - - - - - - - - - - - - -
- - - - - - - - b b - - - - - - b x - - - - - -
- - - - - - - - x b - - - - - - b b - - - - - -
- - - - - - - - - - - - - - - - - - - - - - - -
- - - - - - - - - - 1 0 0 0 0 2 - - - - - - - -
- - - - - - - - - - - - 4 0 0 0 - - - - - - - -
- - - - - - - - - - - - - i 3 - - - - - - - - -
- - - - - - - - - - - - - - - - - - - - - - - -
- - - - b x 0 0 0 0 0 - - 0 0 0 0 0 x b - - - -
- - - b x x 0 0 0 0 0 - - 0 0 0 0 0 x x b - - -
- - b x x 0 0 0 0 0 - - - - 0 0 0 0 0 x x b - -
- - x x 0 0 0 0 0 0 0 - - 0 0 0 0 0 0 0 x x - -
- - 0 0 0 0 0 0 0 0 0 0 0 0 0 0 0 0 0 0 0 0 - -
- - 0 0 0 0 0 0 0 0 1 2 3 4 0 0 0 0 0 0 0 0 - -
- - 0 0 0 0 0 0 0 0 2 3 4 1 0 0 0 0 0 0 0 0 - -
- - 0 0 0 0 0 0 0 0 3 4 1 2 0 0 0 0 0 0 0 0 - -
- - 0 0 0 0 0 0 0 0 4 1 2 3 0 0 0 0 0 0 0 0 - -
- - - 0 0 0 0 0 0 0 0 0 0 0 0 0 0 0 0 0 0 - - -
- - - - 0 0 0 0 0 0 0 0 0 0 0 0 0 0 0 0 - - - -
- - - - - - - 0 0 0 0 0 0 0 0 0 0 - - - - - - -
- - - - - - - - - - 0 0 0 0 - - - - - - - - - -
- - - - - - - - - - b 0 0 b - - - - - - - - - -
- - - - - - - - - - 0 0 0 0 - - - - - - - - - -
- - - - - - - - - c 0 0 0 0 c - - - - - - - - -
- - - - - - - - b 0 0 0 0 0 0 b - - - - - - - -
- - - - - - - 0 0 0 0 0 0 0 0 0 0 - - - - - - -
- - - - - - - 0 0 0 0 0 0 0 0 0 0 - - - - - - -