4
1
0 1
50 50 
- - - - - - - - - - - - - - - - - - - - - - - - - - - - - - - - - - - - - - - - - - - - - - - - - - 
- b 1 - - - - - 1 b - - - - - - - - - - - - - - - - - - - - - - - - - - - - - - b 2 - - - - - 2 b -
- x 1 1 1 1 1 1 1 x - - - - - - - - - - - - - - - - - - - - - - - - - - - - - - x 2 2 2 2 2 2 2 x -
- 1 1 1 1 1 1 1 1 1 - - - - - - - - - - - - - - - - - - - - - - - - - - - - - - 2 2 2 2 2 2 2 2 2 -
- 1 1 - - - - - 1 1 - - - - - - - - - - - - - - - - - - - - - - - - - - - - - - 2 2 - - - - - 2 2 -
- 1 - - 1 1 1 - - 1 - - - - - - - - - - - - - - - - - - - - - - - - - - - - - - 2 - - 2 2 2 - - 2 -
- 1 - 1 1 1 1 1 - 1 - - - - - - - - - - - - - - - - - - - - - - - - - - - - - - 2 - 2 2 2 2 2 - 2 -
- 1 - 1 1 1 1 1 1 1 1 1 1 1 1 1 1 1 x b - - - - - - - - - - - - - - - - - - - - 2 - 2 2 2 2 2 - 2 -
- 1 - 1 1 1 1 1 - 1 - - - - - - - - - - - - - - - - - - - - - - - - - - - - - - 2 - 2 2 2 2 2 - 2 -
- 1 - - 1 1 1 - - 1 - - - - - - - - - - - - - - - - - - - - - - - - - - - - - - 2 - - 2 2 2 - - 2 -
- 1 1 - - - - - 1 1 - - - - - - - - - - - - - - - - - - - - - - - - - - - - - - 2 2 - - 2 - - 2 2 -
- 1 1 1 1 1 1 1 1 1 - - - - - - - - - - - - - - - - - - - - - - - - - - - - - - 2 2 2 2 2 2 2 2 2 -
- x 1 1 1 1 1 1 1 x - - - - - - - - - - - - - - - - - - - - - - - - - - - - - - x 2 2 2 2 2 2 2 x -
- b 1 - - - - - 1 b - - - - - - - - - - - - - - - - - - - - - - - - - - - - - - b 2 - - 2 - - 2 b -
- - - - - - - - - - - - - - - - - - - - - - - - - - - - - - - - - - - - - - - - - - - - 2 - - - - -
- - - - - - - - - - - - - - - - - - - - - - - - - - - - - - - - - - - - - - - - - - - - 2 - - - - -
- - - - - - - - - - - - - - - - - - - - - - - - - - - - - - - - - - - - - - - - - - - - 2 - - - - - 
- - - - - - - - - - - - - - - - - - - - - - - - - - - - - - - - - - - - - - - - - - - - 2 - - - - - 
- - - - - - - - - - - - - - - - - - - - - - - - - - - - - - - - - - - - - - - - - - - - 2 - - - - - 
- - - - - - - - - - - - - - - - - - - - - - - - - - - - - - - - - - - - - - - - - - - - 2 - - - - - 
- - - - - - - - - - - - - - - - - - - - - - - - - - - - - - - - - - - - - - - - - - - - 2 - - - - - 
- - - - - - - - - - - - - - - - - - - - - - - - - - - - - - - - - - - - - - - - - - - - x - - - - - 
- - - - - - - - - - - - - - - - - - - - - - - - - - - - - - - - - - - - - - - - - - - - b - - - - - 
- - - - - - - - - - - - - - - - - - - - - - - - - - - - - - - - - - - - - - - - - - - - - - - - - -
- - - - - - - - - - - - - - - - - - - - - - - - - - - - - - - - - - - - - - - - - - - - - - - - - -
- - - - - - - - - - - - - - - - - - - - - - - - - - - - - - - - - - - - - - - - - - - - - - - - - -
- - - - - - - - - - - - - - - - - - - - - - - - - - - - - - - - - - - - - - - - - - - - - - - - - -
- - - - - b - - - - - - - - - - - - - - - - - - - - - - - - - - - - - - - - - - - - - - - - - - - -
- - - - - x - - - - - - - - - - - - - - - - - - - - - - - - - - - - - - - - - - - - - - - - - - - -
- - - - - 4 - - - - - - - - - - - - - - - - - - - - - - - - - - - - - - - - - - - - - - - - - - - -
- - - - - 4 - - - - - - - - - - - - - - - - - - - - - - - - - - - - - - - - - - - - - - - - - - - -
- - - - - 4 - - - - - - - - - - - - - - - - - - - - - - - - - - - - - - - - - - - - - - - - - - - -
- - - - - 4 - - - - - - - - - - - - - - - - - - - - - - - - - - - - - - - - - - - - - - - - - - - -
- - - - - 4 - - - - - - - - - - - - - - - - - - - - - - - - - - - - - - - - - - - - - - - - - - - -
- - - - - 4 - - - - - - - - - - - - - - - - - - - - - - - - - - - - - - - - - - - - - - - - - - - -
- - - - - 4 - - - - - - - - - - - - - - - - - - - - - - - - - - - - - - - - - - - - - - - - - - - -
- b 4 - - 4 - - 4 b - - - - - - - - - - - - - - - - - - - - - - - - - - - - - - b 3 - - - - - 3 b -   
- x 4 4 4 4 4 4 4 x - - - - - - - - - - - - - - - - - - - - - - - - - - - - - - x 3 3 3 3 3 3 3 x -                      
- 4 4 4 4 4 4 4 4 4 - - - - - - - - - - - - - - - - - - - - - - - - - - - - - - 3 3 3 3 3 3 3 3 3 -   
- 4 4 - - 4 - - 4 4 - - - - - - - - - - - - - - - - - - - - - - - - - - - - - - 3 3 - - - - - 3 3 -   
- 4 - - 4 4 4 - - 4 - - - - - - - - - - - - - - - - - - - - - - - - - - - - - - 3 - - 3 3 3 - - 3 -   
- 4 - 4 4 4 4 4 - 4 - - - - - - - - - - - - - - - - - - - - - - - - - - - - - - 3 - 3 3 3 3 3 - 3 -   
- 4 - 4 4 4 4 4 - 4 - - - - - - - - - - - - - - - - - - - - b x 3 3 3 3 3 3 3 3 3 3 3 3 3 3 3 - 3 -   
- 4 - 4 4 4 4 4 - 4 - - - - - - - - - - - - - - - - - - - - - - - - - - - - - - 3 - 3 3 3 3 3 - 3 -   
- 4 - - 4 4 4 - - 4 - - - - - - - - - - - - - - - - - - - - - - - - - - - - - - 3 - - 3 3 3 - - 3 -   
- 4 4 - - - - - 4 4 - - - - - - - - - - - - - - - - - - - - - - - - - - - - - - 3 3 - - - - - 3 3 -   
- 4 4 4 4 4 4 4 4 4 - - - - - - - - - - - - - - - - - - - - - - - - - - - - - - 3 3 3 3 3 3 3 3 3 -   
- x 4 4 4 4 4 4 4 x - - - - - - - - - - - - - - - - - - - - - - - - - - - - - - x 3 3 3 3 3 3 3 x -   
- b 4 - - - - - 4 b - - - - - - - - - - - - - - - - - - - - - - - - - - - - - - b 3 - - - - - 3 b -   
- - - - - - - - - - - - - - - - - - - - - - - - - - - - - - - - - - - - - - - - - - - - - - - - - -   
